// Jest Snapshot v1, https://goo.gl/fbAQLP

exports[`Testing FormCard  renders FormCard 1`] = `
Object {
  "asFragment": [Function],
  "baseElement": <body>
    <div>
      <div
        class="card"
        data-testid="formCard0"
      >
        <ul>
          <li
            class="card__item"
          >
            <span
              class="card__title"
            >
              Profile picture:
            </span>
            <div
              class="card_img__box"
            >
              <img
                class="card_img"
                src="<file>"
              />
            </div>
          </li>
          <li
            class="card__item"
          >
            <span
              class="card__title"
            >
              First Name:
            </span>
            <span>
              &lt;firstName&gt;
            </span>
          </li>
          <li
            class="card__item"
          >
            <span
              class="card__title"
            >
              Last Name:
            </span>
            <span>
              &lt;lastName&gt;
            </span>
          </li>
          <li
            class="card__item"
          >
            <span
              class="card__title"
            >
              Date Of Birth:
            </span>
            <span>
              &lt;dateOfBirth&gt;
            </span>
          </li>
          <li
            class="card__item"
          >
            <span
              class="card__title"
            >
              Country:
            </span>
            <span>
              &lt;country&gt;
            </span>
          </li>
          <li
            class="card__item"
          >
            <span
              class="card__title"
            >
              Gender:
            </span>
            <span>
              &lt;gender&gt;
            </span>
          </li>
          <li
            class="card__item"
          >
            <span
              class="card__title"
            >
              Processing personal data:
            </span>
            <span>
              Yes
            </span>
          </li>
        </ul>
      </div>
    </div>
  </body>,
  "container": <div>
    <div
      class="card"
      data-testid="formCard0"
    >
      <ul>
        <li
          class="card__item"
        >
          <span
            class="card__title"
          >
            Profile picture:
          </span>
          <div
            class="card_img__box"
          >
            <img
              class="card_img"
              src="<file>"
            />
          </div>
        </li>
        <li
          class="card__item"
        >
          <span
            class="card__title"
          >
            First Name:
          </span>
          <span>
            &lt;firstName&gt;
          </span>
        </li>
        <li
          class="card__item"
        >
          <span
            class="card__title"
          >
            Last Name:
          </span>
          <span>
            &lt;lastName&gt;
          </span>
        </li>
        <li
          class="card__item"
        >
          <span
            class="card__title"
          >
            Date Of Birth:
          </span>
          <span>
            &lt;dateOfBirth&gt;
          </span>
        </li>
        <li
          class="card__item"
        >
          <span
            class="card__title"
          >
            Country:
          </span>
          <span>
            &lt;country&gt;
          </span>
        </li>
        <li
          class="card__item"
        >
          <span
            class="card__title"
          >
            Gender:
          </span>
          <span>
            &lt;gender&gt;
          </span>
        </li>
        <li
          class="card__item"
        >
          <span
            class="card__title"
          >
            Processing personal data:
          </span>
          <span>
            Yes
          </span>
        </li>
      </ul>
    </div>
  </div>,
  "debug": [Function],
  "findAllByAltText": [Function],
  "findAllByDisplayValue": [Function],
  "findAllByLabelText": [Function],
  "findAllByPlaceholderText": [Function],
  "findAllByRole": [Function],
  "findAllByTestId": [Function],
  "findAllByText": [Function],
  "findAllByTitle": [Function],
  "findByAltText": [Function],
  "findByDisplayValue": [Function],
  "findByLabelText": [Function],
  "findByPlaceholderText": [Function],
  "findByRole": [Function],
  "findByTestId": [Function],
  "findByText": [Function],
  "findByTitle": [Function],
  "getAllByAltText": [Function],
  "getAllByDisplayValue": [Function],
  "getAllByLabelText": [Function],
  "getAllByPlaceholderText": [Function],
  "getAllByRole": [Function],
  "getAllByTestId": [Function],
  "getAllByText": [Function],
  "getAllByTitle": [Function],
  "getByAltText": [Function],
  "getByDisplayValue": [Function],
  "getByLabelText": [Function],
  "getByPlaceholderText": [Function],
  "getByRole": [Function],
  "getByTestId": [Function],
  "getByText": [Function],
  "getByTitle": [Function],
  "queryAllByAltText": [Function],
  "queryAllByDisplayValue": [Function],
  "queryAllByLabelText": [Function],
  "queryAllByPlaceholderText": [Function],
  "queryAllByRole": [Function],
  "queryAllByTestId": [Function],
  "queryAllByText": [Function],
  "queryAllByTitle": [Function],
  "queryByAltText": [Function],
  "queryByDisplayValue": [Function],
  "queryByLabelText": [Function],
  "queryByPlaceholderText": [Function],
  "queryByRole": [Function],
  "queryByTestId": [Function],
  "queryByText": [Function],
  "queryByTitle": [Function],
  "rerender": [Function],
  "unmount": [Function],
}
`;
